// Jest Snapshot v1, https://goo.gl/fbAQLP

exports[`<PasswordInputs> @Render should render 1`] = `
<Fragment>
  <FormGroup
    className="mb-3"
    controlId="newPassword"
  >
    <FormLabel
      className="text-muted"
      column={false}
      srOnly={false}
    >
      New password
    </FormLabel>
    <FormControl
      name="newPassword"
      onChange={[MockFunction]}
      placeholder="******"
      required={true}
      type="password"
      value=""
    />
    <PasswordStrength
      password=""
    />
  </FormGroup>
  <FormGroup
    className="mb-3"
    controlId="confirmPassword"
  >
    <FormLabel
      className="text-muted"
      column={false}
      srOnly={false}
    >
      Confirm password
    </FormLabel>
    <FormControl
      isInvalid={false}
      name="confirmPassword"
      onChange={[MockFunction]}
      placeholder="******"
      required={true}
      type="password"
      value=""
    />
    <Feedback
      type="invalid"
    />
    <FormText
      className="text-muted"
    >
      Matching password 0 of 0
    </FormText>
  </FormGroup>
</Fragment>
`;
