// Jest Snapshot v1, https://goo.gl/fbAQLP

exports[`@Home renders default 1`] = `
<div
  className="container"
>
  <div
    className="mt-5 row"
  >
    <div
      className="col"
    >
      <h1>
        Welcome to Progress Tracker...
      </h1>
    </div>
  </div>
  <div
    className="mt-5 row"
  >
    <div
      className="col-sm-4"
    >
      <a
        className="card text-body text-decoration-none"
        href="/students"
        onClick={[Function]}
      >
        <div
          className="card-header"
        >
          <h1>
            Students
          </h1>
        </div>
        <div
          className="card-body"
        >
          Students
        </div>
        <div
          className="card-footer"
        >
          Number of students
        </div>
      </a>
    </div>
    <div
      className="col-sm-4"
    >
      <a
        className="card text-body text-decoration-none"
        href="/myAccount"
        onClick={[Function]}
      >
        <div
          className="card-header"
        >
          <h1>
            My Account
          </h1>
        </div>
        <div
          className="card-body"
        >
          My Account
        </div>
        <div
          className="card-footer"
        />
      </a>
    </div>
  </div>
</div>
`;
