// Jest Snapshot v1, https://goo.gl/fbAQLP

exports[`<Alphabet> @Render Should render alphabet 1`] = `
<div
  style={
    Object {
      "alignItems": "left",
      "display": "flex",
      "flexWrap": "wrap",
    }
  }
>
  <Letter
    key="a-letter"
    letter="a"
    update={[MockFunction]}
    value={0}
  />
  <Letter
    key="b-letter"
    letter="b"
    update={[MockFunction]}
    value={0}
  />
  <Letter
    key="c-letter"
    letter="c"
    update={[MockFunction]}
    value={0}
  />
  <Letter
    key="d-letter"
    letter="d"
    update={[MockFunction]}
    value={0}
  />
  <Letter
    key="e-letter"
    letter="e"
    update={[MockFunction]}
    value={0}
  />
  <Letter
    key="f-letter"
    letter="f"
    update={[MockFunction]}
    value={0}
  />
  <Letter
    key="g-letter"
    letter="g"
    update={[MockFunction]}
    value={0}
  />
  <Letter
    key="h-letter"
    letter="h"
    update={[MockFunction]}
    value={0}
  />
  <Letter
    key="i-letter"
    letter="i"
    update={[MockFunction]}
    value={0}
  />
  <Letter
    key="j-letter"
    letter="j"
    update={[MockFunction]}
    value={0}
  />
  <Letter
    key="k-letter"
    letter="k"
    update={[MockFunction]}
    value={0}
  />
  <Letter
    key="l-letter"
    letter="l"
    update={[MockFunction]}
    value={0}
  />
  <Letter
    key="n-letter"
    letter="n"
    update={[MockFunction]}
    value={0}
  />
  <Letter
    key="m-letter"
    letter="m"
    update={[MockFunction]}
    value={0}
  />
  <Letter
    key="o-letter"
    letter="o"
    update={[MockFunction]}
    value={0}
  />
  <Letter
    key="p-letter"
    letter="p"
    update={[MockFunction]}
    value={0}
  />
  <Letter
    key="q-letter"
    letter="q"
    update={[MockFunction]}
    value={0}
  />
  <Letter
    key="r-letter"
    letter="r"
    update={[MockFunction]}
    value={0}
  />
  <Letter
    key="s-letter"
    letter="s"
    update={[MockFunction]}
    value={0}
  />
  <Letter
    key="t-letter"
    letter="t"
    update={[MockFunction]}
    value={0}
  />
  <Letter
    key="u-letter"
    letter="u"
    update={[MockFunction]}
    value={0}
  />
  <Letter
    key="v-letter"
    letter="v"
    update={[MockFunction]}
    value={0}
  />
  <Letter
    key="w-letter"
    letter="w"
    update={[MockFunction]}
    value={0}
  />
  <Letter
    key="x-letter"
    letter="x"
    update={[MockFunction]}
    value={0}
  />
  <Letter
    key="y-letter"
    letter="y"
    update={[MockFunction]}
    value={0}
  />
  <Letter
    key="z-letter"
    letter="z"
    update={[MockFunction]}
    value={0}
  />
</div>
`;
