// Jest Snapshot v1, https://goo.gl/fbAQLP

exports[`<Register> @Render should render "register" 1`] = `
<Container
  className="pt-5"
  fluid={false}
>
  <RegisterForm
    setPageState={[Function]}
  />
</Container>
`;

exports[`<Register> @Render should render "success" 1`] = `
<Container
  className="pt-5"
  fluid={false}
>
  <Row
    noGutters={false}
  >
    <Col>
      <h3
        id="Success"
      >
        Please check your email to validate your email address.
      </h3>
    </Col>
  </Row>
</Container>
`;
