// Jest Snapshot v1, https://goo.gl/fbAQLP

exports[`<AddStudentForm> @Render should render 1`] = `
<AddStudentForm>
  <Form
    id="AddStudentForm"
    inline={false}
    onSubmit={[Function]}
  >
    <form
      className=""
      id="AddStudentForm"
      onSubmit={[Function]}
    >
      <FormRow
        className="pt-3"
      >
        <div
          className="pt-3 form-row"
        >
          <FormGroup
            as={
              Object {
                "$$typeof": Symbol(react.forward_ref),
                "displayName": "Col",
                "render": [Function],
              }
            }
            controlId="formGridFirstName"
          >
            <Col
              className="form-group"
            >
              <div
                className="form-group col"
              >
                <FormControl
                  name="firstName"
                  onChange={[Function]}
                  placeholder="First Name"
                  required={true}
                  size="lg"
                  value=""
                >
                  <input
                    className="form-control form-control-lg"
                    id="formGridFirstName"
                    name="firstName"
                    onChange={[Function]}
                    placeholder="First Name"
                    required={true}
                    value=""
                  />
                </FormControl>
              </div>
            </Col>
          </FormGroup>
        </div>
      </FormRow>
      <FormRow
        className="pt-3"
      >
        <div
          className="pt-3 form-row"
        >
          <FormGroup
            as={
              Object {
                "$$typeof": Symbol(react.forward_ref),
                "displayName": "Col",
                "render": [Function],
              }
            }
            controlId="formGridLastName"
          >
            <Col
              className="form-group"
            >
              <div
                className="form-group col"
              >
                <FormControl
                  name="lastName"
                  onChange={[Function]}
                  placeholder="Last Name"
                  required={true}
                  size="lg"
                  value=""
                >
                  <input
                    className="form-control form-control-lg"
                    id="formGridLastName"
                    name="lastName"
                    onChange={[Function]}
                    placeholder="Last Name"
                    required={true}
                    value=""
                  />
                </FormControl>
              </div>
            </Col>
          </FormGroup>
        </div>
      </FormRow>
      <FormRow
        className="pt-3"
      >
        <div
          className="pt-3 form-row"
        >
          <FormGroup
            as={
              Object {
                "$$typeof": Symbol(react.forward_ref),
                "displayName": "Col",
                "render": [Function],
              }
            }
            controlId="formGridDOB"
          >
            <Col
              className="form-group"
            >
              <div
                className="form-group col"
              >
                <FormLabel
                  column={false}
                  srOnly={false}
                >
                  <label
                    className="form-label"
                    htmlFor="formGridDOB"
                  >
                    Date of birth
                  </label>
                </FormLabel>
                <FormControl
                  name="DOB"
                  onChange={[Function]}
                  placeholder="DOB"
                  required={true}
                  value=""
                >
                  <input
                    className="form-control"
                    id="formGridDOB"
                    name="DOB"
                    onChange={[Function]}
                    placeholder="DOB"
                    required={true}
                    value=""
                  />
                </FormControl>
              </div>
            </Col>
          </FormGroup>
        </div>
      </FormRow>
      <FormRow>
        <div
          className="form-row"
        >
          <Button
            active={false}
            className="float-right"
            disabled={false}
            type="button"
            variant="secondary"
          >
            <button
              className="float-right btn btn-secondary"
              disabled={false}
              type="button"
            >
              Close
            </button>
          </Button>
          <Button
            active={false}
            className="float-right ml-2"
            disabled={false}
            type="submit"
            variant="primary"
          >
            <button
              className="float-right ml-2 btn btn-primary"
              disabled={false}
              type="submit"
            >
              Submit
            </button>
          </Button>
        </div>
      </FormRow>
    </form>
  </Form>
</AddStudentForm>
`;
