// Jest Snapshot v1, https://goo.gl/fbAQLP

exports[`<EmailVerificationForm> @Render should render email verification form 1`] = `
<EmailVerificationForm
  defaultEmail="test@test.com"
>
  <Row
    noGutters={false}
  >
    <div
      className="row"
    >
      <h3>
        Email not verified
      </h3>
      <p>
        Please validate your email before logging in
      </p>
      <Form
        id="EmailVerificationForm"
        inline={false}
        onSubmit={[Function]}
      >
        <form
          className=""
          id="EmailVerificationForm"
          onSubmit={[Function]}
        >
          <FormGroup
            controlId="formBasicEmail"
          >
            <div
              className="form-group"
            >
              <FormControl
                isInvalid={false}
                name="email"
                onChange={[Function]}
                placeholder="Enter email"
                required={true}
                type="email"
                value="test@test.com"
              >
                <input
                  className="form-control"
                  id="formBasicEmail"
                  name="email"
                  onChange={[Function]}
                  placeholder="Enter email"
                  required={true}
                  type="email"
                  value="test@test.com"
                />
              </FormControl>
              <Feedback
                type="invalid"
              >
                <div
                  className="invalid-feedback"
                />
              </Feedback>
              <FormText
                className="text-muted"
              >
                <small
                  className="text-muted form-text"
                >
                  We'll never share your email with anyone else.
                </small>
              </FormText>
            </div>
          </FormGroup>
          <Button
            active={false}
            disabled={false}
            type="submit"
            variant="primary"
          >
            <button
              className="btn btn-primary"
              disabled={false}
              type="submit"
            >
              Submit
            </button>
          </Button>
        </form>
      </Form>
    </div>
  </Row>
</EmailVerificationForm>
`;

exports[`<EmailVerificationForm> @Render should render success message 1`] = `
<EmailVerificationForm
  defaultEmail="test@test.com"
>
  <Row
    noGutters={false}
  >
    <div
      className="row"
    >
      <h3>
        Please check your email.
      </h3>
    </div>
  </Row>
</EmailVerificationForm>
`;
