// Jest Snapshot v1, https://goo.gl/fbAQLP

exports[`<EmailVerificationForm> should render  1`] = `
<Box
  max={500}
>
  <Col>
    <h3
      className="text-danger"
    >
      Could not sign you in
    </h3>
    <p>
      Your email address has not been confirmed. Please enter your email address below and a link will be sent to confirm your email address.
    </p>
    <Form
      id="EmailVerificationForm"
      inline={false}
      onSubmit={[Function]}
    >
      <FormGroup
        controlId="formBasicEmail"
      >
        <FormControl
          isInvalid={false}
          name="email"
          onChange={[Function]}
          placeholder="email@address.com"
          required={true}
          type="email"
          value=""
        />
        <Feedback
          type="invalid"
        />
        <FormText
          className="text-muted"
        >
          We'll never share your email with anyone else.
        </FormText>
      </FormGroup>
      <Button
        active={false}
        className="float-right"
        disabled={false}
        type="submit"
        variant="primary"
      >
        Send
      </Button>
    </Form>
    <Link
      to="/"
    >
      <FontAwesomeIcon
        border={false}
        className=""
        fixedWidth={false}
        flip={null}
        icon={
          Object {
            "icon": Array [
              192,
              512,
              Array [],
              "f0d9",
              "M192 127.338v257.324c0 17.818-21.543 26.741-34.142 14.142L29.196 270.142c-7.81-7.81-7.81-20.474 0-28.284l128.662-128.662c12.599-12.6 34.142-3.676 34.142 14.142z",
            ],
            "iconName": "caret-left",
            "prefix": "fas",
          }
        }
        inverse={false}
        listItem={false}
        mask={null}
        pull={null}
        pulse={false}
        rotation={null}
        size={null}
        spin={false}
        swapOpacity={false}
        symbol={false}
        title=""
        transform={null}
      />
       back
    </Link>
  </Col>
</Box>
`;
