// Jest Snapshot v1, https://goo.gl/fbAQLP

exports[`<ResetPasswordForm> @Render should render reset password form 1`] = `
<Fragment>
  <Row
    className="mt-5 mb-1"
    noGutters={false}
  >
    <h1>
      Reset Password
    </h1>
  </Row>
  <Row
    noGutters={false}
  >
    <Form
      className="w-100"
      id="ResetPasswordForm"
      inline={false}
      onSubmit={[Function]}
    >
      <FormGroup
        className="mb-3"
        controlId="newPassword"
      >
        <FormLabel
          column={false}
          srOnly={false}
        >
          New password
        </FormLabel>
        <FormControl
          name="newPassword"
          onChange={[Function]}
          placeholder="Password"
          required={true}
          type="password"
          value=""
        />
        <PasswordStrength
          password=""
        />
      </FormGroup>
      <FormGroup
        className="mb-3"
        controlId="confirmPassword"
      >
        <FormLabel
          column={false}
          srOnly={false}
        >
          Confirm password
        </FormLabel>
        <FormControl
          isInvalid={false}
          name="confirmPassword"
          onChange={[Function]}
          placeholder="Password"
          required={true}
          type="password"
          value=""
        />
        <Feedback
          type="invalid"
        />
        <FormText
          className="text-muted"
        >
          Matching password 0 of 0
        </FormText>
      </FormGroup>
      <Button
        active={false}
        disabled={false}
        id="ResetPasswordSubmit"
        type="submit"
        variant="primary"
      >
        Reset Password
      </Button>
    </Form>
  </Row>
</Fragment>
`;
